<html>
<body>
<pre>
<h1>µVision Build Log</h1>
<h2>Tool Versions:</h2>
IDE-Version: ¦ÌVision V5.26.0.0
Copyright (C) 2018 ARM Ltd and ARM Germany GmbH. All rights reserved.
License Information: Jiabin Qiu, Wucai, LIC=Z3C74-F3T2M-8YUVV-PCJDV-HHEET-TY83G
 
Tool Versions:
Toolchain:       MDK-ARM Professional  Version: 5.26.0.0
Toolchain Path:  D:\SoftPack\Keil\ARM\ARMCC\Bin
C Compiler:      Armcc.exe V5.06 update 6 (build 750)
Assembler:       Armasm.exe V5.06 update 6 (build 750)
Linker/Locator:  ArmLink.exe V5.06 update 6 (build 750)
Library Manager: ArmAr.exe V5.06 update 6 (build 750)
Hex Converter:   FromElf.exe V5.06 update 6 (build 750)
CPU DLL:         SARMCM3.DLL V5.26.0.0
Dialog DLL:      DCM.DLL V1.17.1.0
Target DLL:      STLink\ST-LINKIII-KEIL_SWO.dll V3.0.1.0
Dialog DLL:      TCM.DLL V1.35.3.0
 
<h2>Project:</h2>
D:\1.WorkSpace\2.Process\1.ZhoneKe Power\IOT_SIC V1.3\Project\MainControlPanel.uvprojx
Project File Date:  11/09/2018

<h2>Output:</h2>
*** Using Compiler 'V5.06 update 6 (build 750)', folder: 'D:\SoftPack\Keil\ARM\ARMCC\Bin'
Build target 'MainControlPanel'
compiling gpio.c...
compiling Pro8583.c...
..\USER\Pro8583.c(128): warning:  #186-D: pointless comparison of unsigned integer with zero
  				len = (tempbuf[1] < 0 ? 256 + tempbuf[1] : tempbuf[1]) * 256 + (tempbuf[2] < 0 ? 256 + tempbuf[2] : tempbuf[2]);
..\USER\Pro8583.c(128): warning:  #186-D: pointless comparison of unsigned integer with zero
  				len = (tempbuf[1] < 0 ? 256 + tempbuf[1] : tempbuf[1]) * 256 + (tempbuf[2] < 0 ? 256 + tempbuf[2] : tempbuf[2]);
..\USER\Pro8583.c(135): warning:  #186-D: pointless comparison of unsigned integer with zero
  				msgType = (tempbuf[3] < 0 ? 256 + tempbuf[3] : tempbuf[3])  * 256 + (tempbuf[4] < 0 ? 256 + tempbuf[4] : tempbuf[4]);
..\USER\Pro8583.c(135): warning:  #186-D: pointless comparison of unsigned integer with zero
  				msgType = (tempbuf[3] < 0 ? 256 + tempbuf[3] : tempbuf[3])  * 256 + (tempbuf[4] < 0 ? 256 + tempbuf[4] : tempbuf[4]);
..\USER\Pro8583.c(136): warning:  #186-D: pointless comparison of unsigned integer with zero
  				msgId = (tempbuf[5] < 0 ? 256 + tempbuf[5] : tempbuf[5]) * 16777216
..\USER\Pro8583.c(137): warning:  #186-D: pointless comparison of unsigned integer with zero
  					+ (tempbuf[6] < 0 ? 256 + tempbuf[6] : tempbuf[6]) * 65536
..\USER\Pro8583.c(138): warning:  #186-D: pointless comparison of unsigned integer with zero
  					+ (tempbuf[7] < 0 ? 256 + tempbuf[7] : tempbuf[7]) * 256
..\USER\Pro8583.c(139): warning:  #186-D: pointless comparison of unsigned integer with zero
  					+ (tempbuf[8] < 0 ? 256 + tempbuf[8] : tempbuf[8]);
..\USER\Pro8583.c(84): warning:  #550-D: variable "msgType"  was set but never used
  		int msgType = -1;
..\USER\Pro8583.c(85): warning:  #550-D: variable "msgId"  was set but never used
  		long msgId = -1;
..\USER\Pro8583.c(90): warning:  #177-D: variable "devicelen"  was declared but never referenced
  		uint8_t devicelen = 0;
..\USER\Pro8583.c(179): warning:  #186-D: pointless comparison of unsigned integer with zero
  		int map = (data[0] < 0 ? 256 + data[0] : data[0]) * 16777216
..\USER\Pro8583.c(180): warning:  #186-D: pointless comparison of unsigned integer with zero
  					+ (data[1] < 0 ? 256 + data[1] : data[1]) * 65536
..\USER\Pro8583.c(181): warning:  #186-D: pointless comparison of unsigned integer with zero
  					+ (data[2] < 0 ? 256 + data[2] : data[2]) * 256
..\USER\Pro8583.c(182): warning:  #186-D: pointless comparison of unsigned integer with zero
  					+ (data[3] < 0 ? 256 + data[3] : data[3]);
..\USER\Pro8583.c(281): warning:  #1293-D: assignment in condition
      while(*(q++) = *(p++));
..\USER\Pro8583.c: 16 warnings, 0 errors
compiling n720.c...
linking...
Program Size: Code=16912 RO-data=1184 RW-data=172 ZI-data=52900  
FromELF: creating hex file...
".\Objects\MainControlPanel.axf" - 0 Error(s), 16 Warning(s).

<h2>Software Packages used:</h2>

Package Vendor: Keil
                http://www.keil.com/pack/Keil.STM32F1xx_DFP.2.2.0.pack
                Keil.STM32F1xx_DFP.2.2.0
                STMicroelectronics STM32F1 Series Device Support, Drivers and Examples

<h2>Collection of Component include folders:</h2>
  .\RTE\_MainControlPanel
  D:\SoftPack\Keil\ARM\PACK\Keil\STM32F1xx_DFP\2.2.0\Device\Include

<h2>Collection of Component Files used:</h2>
Build Time Elapsed:  00:00:03
</pre>
</body>
</html>
